bno055.c:11:6:bno055_setPage	16	static
bno055.c:13:17:bno055_getOperationMode	16	static
bno055.c:19:6:bno055_setOperationMode	16	static
bno055.c:28:6:bno055_setOperationModeConfig	8	static
bno055.c:32:6:bno055_setOperationModeNDOF	8	static
bno055.c:36:6:bno055_setExternalCrystalUse	24	static
bno055.c:45:6:bno055_enableExternalCrystal	8	static
bno055.c:46:6:bno055_disableExternalCrystal	8	static
bno055.c:48:6:bno055_reset	8	static
bno055.c:53:8:bno055_getTemp	16	static
bno055.c:60:6:bno055_setup	16	static
bno055.c:76:9:bno055_getSWRevision	16	static
bno055.c:83:9:bno055_getBootloaderRevision	16	static
bno055.c:90:9:bno055_getSystemStatus	16	static
bno055.c:97:27:bno055_getSelfTestResult	24	static
bno055.c:110:9:bno055_getSystemError	16	static
bno055.c:117:28:bno055_getCalibrationState	24	static
bno055.c:130:27:bno055_getCalibrationData	72	static
bno055.c:151:6:bno055_setCalibrationData	32	static
bno055.c:172:17:bno055_getVector	152	static
bno055.c:211:17:bno055_getVectorAccelerometer	96	static
bno055.c:214:17:bno055_getVectorMagnetometer	96	static
bno055.c:217:17:bno055_getVectorGyroscope	96	static
bno055.c:220:17:bno055_getVectorEuler	96	static
bno055.c:223:17:bno055_getVectorLinearAccel	96	static
bno055.c:226:17:bno055_getVectorGravity	96	static
bno055.c:229:17:bno055_getVectorQuaternion	96	static
bno055.c:233:6:bno055_setAxisMap	24	static
